Verify: A;true;123;12345678912345;2003-05-01;10:15:30.5;10:15;2003-05-01T10:15:30.5;2003-05-01T10:15:30.5Z;EnumValue2
Verify: A;true;123;12345678912345;2003-05-01;10:15:30.5;10:15;2003-05-01T10:15:30.5;2003-05-01T10:15:30.5Z;EnumValue2
Verify: A;true;123;12345678912345;2003-05-01;10:15:30.5;10:15;2003-05-01T10:15:30.5;2003-05-01T10:15:30.5Z;EnumValue2
