Verify: A;true;123;12345678912345;20030501;101530500;1015;20030501101530500;2003-05-01T10:15:30.500Z;EnumValue2
Verify: A;true;123;12345678912345;20030501;101530500;1015;20030501101530500;2003-05-01T10:15:30.500Z;EnumValue2
Verify: A;true;123;12345678912345;20030501;101530500;1015;20030501101530500;2003-05-01T10:15:30.500Z;EnumValue2
