Verify: Unconstrained query
Verify:     A0;true;0;0;2003-05-01;10:15:30;10:00;2003-05-01T10:15:00;2003-05-01T10:15:00Z;EnumValue1 (record index 4).
Verify:     A1;false;1;1;2003-05-02;10:16:30;10:01;2003-05-02T10:15:00;2003-05-02T10:15:00Z;EnumValue2 (record index 5).
Verify:     A2;true;2;2;2003-05-03;10:17:30;10:02;2003-05-03T10:15:00;2003-05-03T10:15:00Z;EnumValue1 (record index 6).
Verify:     A3;false;3;3;2003-05-04;10:18:30;10:03;2003-05-04T10:15:00;2003-05-04T10:15:00Z;EnumValue2 (record index 7).
Verify: Constrained query
Verify:     A1;false;1;1;2003-05-02;10:16:30;10:01;2003-05-02T10:15:00;2003-05-02T10:15:00Z;EnumValue2 (record index 5).
