Verify: String roundtrip for 00:00:00.000 assert.
Verify: Int roundtrip for 00:00:00.000 assert.
Verify: String roundtrip for 00:00:00.000 assert.
Verify: Int roundtrip for 00:00:00.000 assert.
Verify: String roundtrip for 10:15:30.000 assert.
Verify: Int roundtrip for 10:15:30.000 assert.
Verify: String roundtrip for 10:15:30.005 assert.
Verify: Int roundtrip for 10:15:30.005 assert.
